Testing Gemini API connection...
Endpoint: https://generativelanguage.googleapis.com/v1beta/models/gemini-2.0-flash:generateContent?key=AIzaSyDdC4dr9UZl8PphcAsZBUfUEqJfEnUnpuU

HTTP Code: 429
cURL Error (0): 
Response (first 500 chars): {
  "error": {
    "code": 429,
    "message": "You exceeded your current quota, please check your plan and billing details. For more information on this error, head to: https://ai.google.dev/gemini-api/docs/rate-limits. To monitor your current usage, head to: https://ai.dev/rate-limit. \n* Quota exceeded for metric: generativelanguage.googleapis.com/generate_content_free_tier_requests, limit: 0, model: gemini-2.0-flash\n* Quota exceeded for metric: generativelanguage.googleapis.com/generate_con
